STEP 1: qe_bands_to_ref.py
Reading 000.bands.dat
Wrote kpoints_0.par (fractional coords) and expBandStruct_0.par
STEP 2: shift.py
VBmax = 1.916 CBmin = 3.397
Bandgap = 1.4809999999999999 shift to open bands = 0.21900000000000008
STEP 3: select_rows.py
expBandStruct_0.par: kept rows (11, 21) -> 2 rows
kpoints_0.par: kept rows (11, 21) -> 2 rows
BUNDLE READY
0.866025 -13.409000 -13.409000 -13.208000 -13.208000 -13.186000 -13.186000 -13.184000 -13.184000 -13.177000 -13.177000 -12.809000 -12.809000 -12.116000 -12.116000 -11.615000 -11.615000 -11.615000 -11.615000 -11.579000 -11.579000 -11.572000 -11.572000 -11.571000 -11.571000 -11.545000 -11.545000 -11.545000 -11.545000 -11.545000 -11.545000 -11.173000 -11.173000 -9.716000 -9.716000 -9.577000 -9.577000 -9.546000 -9.546000 -9.542000 -9.542000 -9.503000 -9.503000 -9.446000 -9.446000 -8.453000 -8.453000 -8.368000 -8.368000 -8.361000 -8.361000 -8.210000 -8.210000 -8.080000 -8.080000 -8.029000 -8.029000 -8.012000 -8.012000 -7.972000 -7.972000 -7.970000 -7.970000 -7.923000 -7.923000 -7.893000 -7.893000 -7.889000 -7.889000 -7.808000 -7.808000 -7.784000 -7.784000 -7.784000 -7.784000 -7.737000 -7.737000 -7.727000 -7.727000 -7.714000 -7.714000 -7.634000 -7.634000 -7.559000 -7.559000 -7.554000 -7.554000 -7.549000 -7.549000 -7.465000 -7.465000 -7.464000 -7.464000 -7.309000 -7.309000 -7.234000 -7.234000 -7.226000 -7.226000 -6.865000 -6.865000 -6.021000 -6.021000 -5.250000 -5.250000 -3.550000 -3.550000 -2.759000 -2.759000 -1.870000 -1.870000 -1.839000 -1.839000 -1.838000 -1.838000 -1.361000 -1.361000 -0.341000 -0.341000 0.291000 0.291000 0.679000 0.679000 0.685000 0.685000 0.706000 0.706000 0.712000 0.712000
1.366025 -13.188000 -13.188000 -13.188000 -13.188000 -13.181000 -13.181000 -13.181000 -13.181000 -12.882000 -12.882000 -12.882000 -12.882000 -12.223000 -12.223000 -12.223000 -12.223000 -11.580000 -11.580000 -11.580000 -11.580000 -11.564000 -11.564000 -11.564000 -11.564000 -11.563000 -11.563000 -11.563000 -11.563000 -11.547000 -11.547000 -11.547000 -11.547000 -9.540000 -9.540000 -9.540000 -9.540000 -8.963000 -8.963000 -8.963000 -8.963000 -8.882000 -8.882000 -8.882000 -8.882000 -8.618000 -8.618000 -8.618000 -8.618000 -8.415000 -8.415000 -8.415000 -8.415000 -8.292000 -8.292000 -8.292000 -8.292000 -8.057000 -8.057000 -8.057000 -8.057000 -7.973000 -7.973000 -7.972000 -7.972000 -7.916000 -7.916000 -7.916000 -7.916000 -7.893000 -7.893000 -7.893000 -7.893000 -7.767000 -7.767000 -7.767000 -7.767000 -7.723000 -7.723000 -7.723000 -7.723000 -7.604000 -7.604000 -7.604000 -7.604000 -7.452000 -7.452000 -7.452000 -7.452000 -7.440000 -7.440000 -7.439000 -7.439000 -7.393000 -7.393000 -7.393000 -7.393000 -7.280000 -7.280000 -7.280000 -7.280000 -6.405000 -6.405000 -6.405000 -6.405000 -2.451000 -2.451000 -2.451000 -2.451000 -1.130000 -1.130000 -1.129000 -1.129000 -0.718000 -0.718000 -0.718000 -0.718000 -0.189000 -0.189000 -0.189000 -0.189000 0.226000 0.226000 0.226000 0.226000 0.680000 0.680000 0.680000 0.680000
STEP 4: train_deepseudopot
[config_threads] Using 1 threads for BLAS + Torch.
All settings: 
	Using separateKptGrad. This can decrease the peak memory load during the fitting code.
	Not doing multiprocessing.

Number of threads for multithreaded lin. alg = 8

Reading and setting up the BulkSystems.
Traceback (most recent call last):
  File "/pscratch/sd/b/brenthu/chem_llm/chem_llm/DeePseudopot/main.py", line 165, in <module>
    main(inputsFolder, resultsFolder)
    ~~~~^^^^^^^^^^^^^^^^^^^^^^^^^^^^^
  File "/pscratch/sd/b/brenthu/chem_llm/chem_llm/DeePseudopot/main.py", line 37, in main
    systems, atomPPOrder, nPseudopot, PPparams, totalParams, localPotParams = setAllBulkSystems(nSystem, inputsFolder, resultsFolder, NNConfig['local_env_corr'], descriptor_backend=NNConfig.get('descriptor_backend', 'handcrafted'))
                                                                              ~~~~~~~~~~~~~~~~~^^^^^^^^^^^^^^^^^^^^^^^^^^^^^^^^^^^^^^^^^^^^^^^^^^^^^^^^^^^^^^^^^^^^^^^^^^^^^^^^^^^^^^^^^^^^^^^^^^^^^^^^^^^^^^^^^^^^^^^^^^^^^^^^^^^^^^^^
  File "/pscratch/sd/b/brenthu/chem_llm/chem_llm/DeePseudopot/utils/read.py", line 804, in setAllBulkSystems
    sys.setSystem(inputsFolder + "system_%d.par" % iSys)
    ~~~~~~~~~~~~~^^^^^^^^^^^^^^^^^^^^^^^^^^^^^^^^^^^^^^^
  File "/pscratch/sd/b/brenthu/chem_llm/chem_llm/DeePseudopot/utils/read.py", line 260, in setSystem
    with open(systemFilename, 'r') as file:
         ~~~~^^^^^^^^^^^^^^^^^^^^^
FileNotFoundError: [Errno 2] No such file or directory: '/pscratch/sd/b/brenthu/chem_llm/deepseudopot_example/nn_inputs_000_g/system_0.par'
